// Vitest Snapshot v1, https://vitest.dev/guide/snapshot.html

exports[`getToolCatalog > matches the catalog snapshot 1`] = `
[
  "ab_experiments_create ab_testing C Remote config plugin=ab-testing",
  "ab_experiments_delete ab_testing D Remote config plugin=ab-testing",
  "ab_experiments_details ab_testing R Remote config plugin=ab-testing",
  "ab_experiments_list ab_testing R Remote config plugin=ab-testing",
  "ab_experiments_start ab_testing U Remote config plugin=ab-testing",
  "ab_experiments_stop ab_testing U Remote config plugin=ab-testing",
  "ai_assistants_analytics ai_assistants R Events plugin=ai-assistants",
  "alerts_create alerts C ops=CU Other plugin=alerts",
  "alerts_delete alerts D Other plugin=alerts",
  "alerts_list alerts R Other plugin=alerts",
  "app_analytics_summary analytics R Users",
  "app_users_create app_users C Users",
  "app_users_delete app_users D Users",
  "app_users_update app_users U Users",
  "apps_create apps C Settings admin",
  "apps_delete apps D Settings admin",
  "apps_get_by_name apps R Settings",
  "apps_list apps R Settings",
  "apps_reset apps D Settings admin",
  "apps_update apps U Settings admin",
  "campaigns_get campaigns R Content plugin=campaigns",
  "campaigns_list campaigns R Content plugin=campaigns",
  "campaigns_results campaigns R Content plugin=campaigns",
  "cohorts_create cohorts C Users plugin=cohorts",
  "cohorts_data cohorts R Users plugin=cohorts",
  "cohorts_delete cohorts D Users plugin=cohorts",
  "cohorts_list cohorts R Users plugin=cohorts",
  "cohorts_update cohorts U Users plugin=cohorts",
  "collections_aggregate database R Settings admin plugin=dbviewer",
  "collections_indexes database R Settings admin plugin=dbviewer",
  "consents_history_search compliance_hub R Users plugin=compliance-hub",
  "consents_list compliance_hub R Users plugin=compliance-hub",
  "consents_stats compliance_hub R Users plugin=compliance-hub",
  "content_assets_delete content D Content plugin=content",
  "content_assets_list content R Content plugin=content",
  "content_assets_update content U Content plugin=content",
  "content_assets_upload content C Content plugin=content",
  "content_blocks_create content C Content plugin=content",
  "content_blocks_delete content D Content plugin=content",
  "content_blocks_get content R Content plugin=content",
  "content_blocks_list content R Content plugin=content",
  "content_blocks_preview content R Content plugin=content",
  "content_blocks_update content U Content plugin=content",
  "content_langs_list content R Content plugin=content",
  "crash_group_breakdown crashes R Crashes plugin=crashes",
  "crash_group_users crashes R Crashes plugin=crashes",
  "crash_groups_list crashes R Crashes plugin=crashes",
  "crash_jira_issues crashes_jira R Crashes plugin=crashes-jira",
  "crashes_comment_add crashes C Crashes plugin=crashes",
  "crashes_comment_delete crashes D Crashes plugin=crashes",
  "crashes_comment_update crashes U Crashes plugin=crashes",
  "crashes_get crashes R Crashes plugin=crashes",
  "crashes_hide crashes U Crashes plugin=crashes",
  "crashes_resolve crashes U Crashes plugin=crashes",
  "crashes_show crashes U Crashes plugin=crashes",
  "crashes_stats_get crashes R Crashes plugin=crashes",
  "crashes_unresolve crashes U Crashes plugin=crashes",
  "dashboard_users dashboard_users R Settings admin",
  "dashboards_create dashboards C Dashboards plugin=dashboards",
  "dashboards_data dashboards R Dashboards plugin=dashboards",
  "dashboards_delete dashboards D Dashboards plugin=dashboards",
  "dashboards_list dashboards R Dashboards plugin=dashboards",
  "dashboards_update dashboards U Dashboards plugin=dashboards",
  "dashboards_widget_add dashboards C Dashboards plugin=dashboards",
  "dashboards_widget_remove dashboards D Dashboards plugin=dashboards",
  "dashboards_widget_update dashboards U Dashboards plugin=dashboards",
  "databases_document database R Settings admin plugin=dbviewer",
  "databases_list database R Settings admin plugin=dbviewer",
  "databases_query database R Settings admin plugin=dbviewer",
  "datapoints_punch_card datapoint R Settings admin plugin=server-stats",
  "datapoints_stats datapoint R Settings admin plugin=server-stats",
  "datapoints_top_apps datapoint R Settings admin plugin=server-stats",
  "drill_bookmarks_create drill C Events plugin=drill",
  "drill_bookmarks_delete drill D Events plugin=drill",
  "drill_bookmarks_list drill R Events plugin=drill",
  "drill_property_values drill R Events plugin=drill",
  "drill_query drill R Events plugin=drill",
  "drill_saved_query_run drill R Events plugin=drill",
  "email_reports_core_create email_reports C Dashboards plugin=reports",
  "email_reports_dashboard_create email_reports C Dashboards plugin=reports",
  "email_reports_delete email_reports D Dashboards plugin=reports",
  "email_reports_list email_reports R Dashboards plugin=reports",
  "email_reports_preview email_reports R Dashboards plugin=reports",
  "email_reports_send email_reports C Dashboards plugin=reports",
  "email_reports_update email_reports U Dashboards plugin=reports",
  "events_create events C ops=CU Events",
  "events_delete events D Events",
  "events_list events R Events",
  "events_movers events R Events",
  "events_summary events R Events",
  "events_top events R Events",
  "filtering_rules_create filtering_rules C Settings plugin=block",
  "filtering_rules_delete filtering_rules D Settings plugin=block",
  "filtering_rules_list filtering_rules R Settings plugin=block",
  "filtering_rules_toggle_status filtering_rules U Settings plugin=block",
  "filtering_rules_update filtering_rules U Settings plugin=block",
  "flows_data flows R Funnels plugin=flows",
  "flows_dropoff flows R Funnels plugin=flows",
  "flows_get flows R Funnels plugin=flows",
  "flows_list flows R Funnels plugin=flows",
  "formulas_delete formulas D Events plugin=formulas",
  "formulas_list formulas R Events plugin=formulas",
  "formulas_run formulas R ops=CR Events plugin=formulas",
  "formulas_save formulas C Events plugin=formulas",
  "funnels_breakdown funnels R Funnels plugin=funnels",
  "funnels_create funnels C Funnels plugin=funnels",
  "funnels_data funnels R Funnels plugin=funnels",
  "funnels_delete funnels D Funnels plugin=funnels",
  "funnels_dropoff_users funnels R Funnels plugin=funnels",
  "funnels_list funnels R Funnels plugin=funnels",
  "funnels_step_users funnels R Funnels plugin=funnels",
  "funnels_trends funnels R Funnels plugin=funnels",
  "funnels_update funnels U Funnels plugin=funnels",
  "funnels_user_progress funnels R Funnels plugin=funnels",
  "geo_locations_list geo R Settings plugin=geo",
  "get_plugins core R Other admin",
  "get_version core R Other",
  "hooks_create hooks C Settings plugin=hooks",
  "hooks_delete hooks D Settings plugin=hooks",
  "hooks_get hooks R Settings plugin=hooks",
  "hooks_list hooks R Settings plugin=hooks",
  "hooks_test hooks C Settings plugin=hooks",
  "hooks_update hooks U Settings plugin=hooks",
  "journeys_block_reference journeys R Content plugin=journey_engine",
  "journeys_complete journeys U Content plugin=journey_engine",
  "journeys_create journeys C Content plugin=journey_engine",
  "journeys_delete journeys D Content plugin=journey_engine",
  "journeys_get journeys R Content plugin=journey_engine",
  "journeys_list journeys R Content plugin=journey_engine",
  "journeys_pause journeys U Content plugin=journey_engine",
  "journeys_publish journeys U Content plugin=journey_engine",
  "journeys_resume journeys U Content plugin=journey_engine",
  "journeys_stats_active_users journeys R Content plugin=journey_engine",
  "journeys_stats_blocks journeys R Content plugin=journey_engine",
  "journeys_stats_content journeys R Content plugin=journey_engine",
  "journeys_stats_performance journeys R Content plugin=journey_engine",
  "journeys_stats_summary journeys R Content plugin=journey_engine",
  "journeys_stats_table journeys R Content plugin=journey_engine",
  "journeys_stats_uids journeys R Content plugin=journey_engine",
  "journeys_templates journeys R Content plugin=journey_engine",
  "journeys_update journeys U Content plugin=journey_engine",
  "live_last_30_days live R Users plugin=concurrent_users",
  "live_last_day live R Users plugin=concurrent_users",
  "live_last_hour live R Users plugin=concurrent_users",
  "live_metrics live R Users plugin=concurrent_users",
  "live_overall live R Users plugin=concurrent_users",
  "live_users live R Users plugin=concurrent_users",
  "metadata_get metadata R Events",
  "notes_create notes C Other",
  "notes_delete notes D Other",
  "notes_list notes R Other",
  "notes_update notes U Other",
  "notifications_list notifications R Other",
  "ping core R Other",
  "queriable_fields_list drill R Events plugin=drill",
  "query_data analytics R Users",
  "ratings_comments ratings R Content plugin=star-rating",
  "ratings_stats ratings R Content plugin=star-rating",
  "ratings_widgets_list ratings R Content plugin=star-rating",
  "remote_config_conditions_add remote_config C Remote config plugin=remote-config",
  "remote_config_conditions_delete remote_config D Remote config plugin=remote-config",
  "remote_config_conditions_update remote_config U Remote config plugin=remote-config",
  "remote_config_parameters_add remote_config C Remote config plugin=remote-config",
  "remote_config_parameters_delete remote_config D Remote config plugin=remote-config",
  "remote_config_parameters_update remote_config U Remote config plugin=remote-config",
  "remote_configs_list remote_config R Remote config plugin=remote-config",
  "retention retention R ops=CR Retention plugin=retention_segments",
  "revenue_iap_events revenue R Events plugin=revenue",
  "sdk_config_get sdks R Settings plugin=sdk",
  "sdk_logs_list logger R Settings plugin=logger",
  "sdk_stats_get sdks R Settings plugin=sdk",
  "server_logs_contents server_logs R Settings admin plugin=errorlogs",
  "server_logs_files_list server_logs R Settings admin plugin=errorlogs",
  "session_durations analytics R Users",
  "session_frequency analytics R Users",
  "slipping_users analytics R Users",
  "stage_companies_create stage C Content plugin=stage",
  "stage_companies_get stage R Content plugin=stage",
  "stage_companies_list stage R Content plugin=stage",
  "stage_companies_update stage U Content plugin=stage",
  "stage_pieces_get stage R Content plugin=stage",
  "stage_pieces_list stage R Content plugin=stage",
  "stage_reference stage R Content plugin=stage",
  "stage_scenarios_get stage R Content plugin=stage",
  "stage_scenarios_list stage R Content plugin=stage",
  "stage_scenes_create stage C Content plugin=stage",
  "stage_scenes_delete stage D Content plugin=stage",
  "stage_scenes_edit stage U Content plugin=stage",
  "stage_scenes_get stage R Content plugin=stage",
  "stage_scenes_list stage R Content plugin=stage",
  "stage_scenes_publish stage C Content plugin=stage",
  "stage_scenes_restore stage U Content plugin=stage",
  "stage_scenes_set_latest stage U Content plugin=stage",
  "stage_scenes_unpublish stage U Content plugin=stage",
  "stage_scenes_update stage U Content plugin=stage",
  "stage_scenes_validate stage R Content plugin=stage",
  "stage_status stage R Content plugin=stage",
  "stage_templates_get stage R Content plugin=stage",
  "stage_templates_list stage R Content plugin=stage",
  "task_result tasks R Other",
  "tasks_list tasks R Other",
  "times_of_day times_of_day R Users plugin=times-of-day",
  "user_loyalty analytics R Users",
  "user_profiles_breakdown user_profiles R Users plugin=users",
  "user_profiles_get user_profiles R Users plugin=users",
  "user_profiles_query user_profiles R Users plugin=users",
  "views_data views R Events plugin=views",
  "views_table views R Events plugin=views",
  "views_top views R Events plugin=views",
]
`;
