// Vitest Snapshot v1, https://vitest.dev/guide/snapshot.html

exports[`getToolCatalog > matches the catalog snapshot 1`] = `
[
  "ab_experiments_create ab_testing C Remote config scope=app plugin=ab-testing",
  "ab_experiments_delete ab_testing D Remote config scope=app plugin=ab-testing",
  "ab_experiments_details ab_testing R Remote config scope=app plugin=ab-testing",
  "ab_experiments_list ab_testing R Remote config scope=app plugin=ab-testing",
  "ab_experiments_start ab_testing U Remote config scope=app plugin=ab-testing",
  "ab_experiments_stop ab_testing U Remote config scope=app plugin=ab-testing",
  "alerts_create alerts C ops=CU Other scope=unscoped plugin=alerts",
  "alerts_delete alerts D Other scope=unscoped plugin=alerts",
  "alerts_list alerts R Other scope=unscoped plugin=alerts",
  "app_analytics_summary analytics R Users scope=app",
  "app_users_create app_users C Users scope=app",
  "app_users_delete app_users D Users scope=app",
  "app_users_update app_users U Users scope=app",
  "apps_create apps C Settings scope=unscoped admin",
  "apps_delete apps D Settings scope=app admin",
  "apps_get_by_name apps R Settings scope=safe",
  "apps_list apps R Settings scope=safe",
  "apps_reset apps D Settings scope=app admin",
  "apps_update apps U Settings scope=app admin",
  "cohorts_create cohorts C Users scope=app plugin=cohorts",
  "cohorts_data cohorts R Users scope=app plugin=cohorts",
  "cohorts_delete cohorts D Users scope=app plugin=cohorts",
  "cohorts_list cohorts R Users scope=app plugin=cohorts",
  "cohorts_update cohorts U Users scope=app plugin=cohorts",
  "collections_aggregate database R Settings scope=unscoped admin plugin=dbviewer",
  "collections_indexes database R Settings scope=unscoped admin plugin=dbviewer",
  "consents_history_search compliance_hub R Users scope=app plugin=compliance-hub",
  "consents_list compliance_hub R Users scope=app plugin=compliance-hub",
  "consents_stats compliance_hub R Users scope=app plugin=compliance-hub",
  "content_assets_delete content D Content scope=app plugin=content",
  "content_assets_list content R Content scope=app plugin=content",
  "content_assets_update content U Content scope=app plugin=content",
  "content_assets_upload content C Content scope=app plugin=content",
  "content_blocks_create content C Content scope=app plugin=content",
  "content_blocks_delete content D Content scope=app plugin=content",
  "content_blocks_get content R Content scope=app plugin=content",
  "content_blocks_list content R Content scope=app plugin=content",
  "content_blocks_preview content R Content scope=app plugin=content",
  "content_blocks_update content U Content scope=app plugin=content",
  "content_langs_list content R Content scope=app plugin=content",
  "crash_groups_list crashes R Crashes scope=app plugin=crashes",
  "crashes_comment_add crashes C Crashes scope=app plugin=crashes",
  "crashes_comment_delete crashes D Crashes scope=app plugin=crashes",
  "crashes_comment_update crashes U Crashes scope=app plugin=crashes",
  "crashes_get crashes R Crashes scope=app plugin=crashes",
  "crashes_hide crashes U Crashes scope=app plugin=crashes",
  "crashes_resolve crashes U Crashes scope=app plugin=crashes",
  "crashes_show crashes U Crashes scope=app plugin=crashes",
  "crashes_stats_get crashes R Crashes scope=app plugin=crashes",
  "crashes_unresolve crashes U Crashes scope=app plugin=crashes",
  "dashboard_users dashboard_users R Settings scope=unscoped admin",
  "dashboards_create dashboards C Dashboards scope=unscoped plugin=dashboards",
  "dashboards_data dashboards R Dashboards scope=unscoped plugin=dashboards",
  "dashboards_delete dashboards D Dashboards scope=unscoped plugin=dashboards",
  "dashboards_list dashboards R Dashboards scope=unscoped plugin=dashboards",
  "dashboards_update dashboards U Dashboards scope=unscoped plugin=dashboards",
  "dashboards_widget_add dashboards C Dashboards scope=unscoped plugin=dashboards",
  "dashboards_widget_remove dashboards D Dashboards scope=unscoped plugin=dashboards",
  "dashboards_widget_update dashboards U Dashboards scope=unscoped plugin=dashboards",
  "databases_document database R Settings scope=unscoped admin plugin=dbviewer",
  "databases_list database R Settings scope=unscoped admin plugin=dbviewer",
  "databases_query database R Settings scope=unscoped admin plugin=dbviewer",
  "databases_stats database R Settings scope=unscoped admin plugin=dbviewer",
  "datapoints_punch_card datapoint R Settings scope=unscoped admin plugin=server-stats",
  "datapoints_stats datapoint R Settings scope=unscoped admin plugin=server-stats",
  "datapoints_top_apps datapoint R Settings scope=unscoped admin plugin=server-stats",
  "drill_bookmarks_create drill C Events scope=app plugin=drill",
  "drill_bookmarks_delete drill D Events scope=app plugin=drill",
  "drill_bookmarks_list drill R Events scope=app plugin=drill",
  "email_reports_core_create email_reports C Dashboards scope=app plugin=reports",
  "email_reports_dashboard_create email_reports C Dashboards scope=unscoped plugin=reports",
  "email_reports_delete email_reports D Dashboards scope=unscoped plugin=reports",
  "email_reports_list email_reports R Dashboards scope=unscoped plugin=reports",
  "email_reports_preview email_reports R Dashboards scope=unscoped plugin=reports",
  "email_reports_send email_reports C Dashboards scope=unscoped plugin=reports",
  "email_reports_update email_reports U Dashboards scope=unscoped plugin=reports",
  "events_create events C ops=CU Events scope=app",
  "events_delete events D Events scope=app",
  "events_list events R Events scope=app",
  "filtering_rules_create filtering_rules C Settings scope=app plugin=blocks",
  "filtering_rules_delete filtering_rules D Settings scope=app plugin=blocks",
  "filtering_rules_list filtering_rules R Settings scope=app plugin=blocks",
  "filtering_rules_toggle_status filtering_rules U Settings scope=app plugin=blocks",
  "filtering_rules_update filtering_rules U Settings scope=app plugin=blocks",
  "formulas_delete formulas D Events scope=app plugin=formulas",
  "formulas_list formulas R Events scope=app plugin=formulas",
  "formulas_run formulas R ops=CR Events scope=app plugin=formulas",
  "formulas_save formulas C Events scope=app plugin=formulas",
  "funnels_create funnels C Funnels scope=app plugin=funnels",
  "funnels_data funnels R Funnels scope=app plugin=funnels",
  "funnels_delete funnels D Funnels scope=app plugin=funnels",
  "funnels_dropoff_users funnels R Funnels scope=app plugin=funnels",
  "funnels_list funnels R Funnels scope=app plugin=funnels",
  "funnels_step_users funnels R Funnels scope=app plugin=funnels",
  "funnels_update funnels U Funnels scope=app plugin=funnels",
  "get_plugins core R Other scope=unscoped admin",
  "get_version core R Other scope=safe",
  "hooks_create hooks C Settings scope=unscoped plugin=hooks",
  "hooks_delete hooks D Settings scope=unscoped plugin=hooks",
  "hooks_list hooks R Settings scope=unscoped plugin=hooks",
  "hooks_test hooks C Settings scope=unscoped plugin=hooks",
  "hooks_update hooks U Settings scope=unscoped plugin=hooks",
  "journeys_block_reference journeys R Content scope=safe plugin=journey_engine",
  "journeys_create journeys C Content scope=app plugin=journey_engine",
  "journeys_delete journeys D Content scope=app plugin=journey_engine",
  "journeys_get journeys R Content scope=app plugin=journey_engine",
  "journeys_list journeys R Content scope=app plugin=journey_engine",
  "journeys_pause journeys U Content scope=app plugin=journey_engine",
  "journeys_publish journeys U Content scope=app plugin=journey_engine",
  "journeys_resume journeys U Content scope=app plugin=journey_engine",
  "journeys_stats_performance journeys R Content scope=app plugin=journey_engine",
  "journeys_stats_summary journeys R Content scope=app plugin=journey_engine",
  "journeys_stats_table journeys R Content scope=unscoped plugin=journey_engine",
  "journeys_stats_uids journeys R Content scope=app plugin=journey_engine",
  "journeys_update journeys U Content scope=app plugin=journey_engine",
  "live_last_30_days live R Users scope=app plugin=concurrent_users",
  "live_last_day live R Users scope=app plugin=concurrent_users",
  "live_last_hour live R Users scope=app plugin=concurrent_users",
  "live_metrics live R Users scope=app plugin=concurrent_users",
  "live_overall live R Users scope=app plugin=concurrent_users",
  "live_users live R Users scope=app plugin=concurrent_users",
  "metadata_get metadata R Events scope=app",
  "notes_create notes C Other scope=app",
  "notes_delete notes D Other scope=unscoped",
  "notes_list notes R Other scope=app",
  "ping core R Other scope=safe",
  "queriable_fields_list drill R Events scope=app plugin=drill",
  "query_data analytics R Users scope=app",
  "remote_config_conditions_add remote_config C Remote config scope=app plugin=remote-config",
  "remote_config_conditions_delete remote_config D Remote config scope=app plugin=remote-config",
  "remote_config_conditions_update remote_config U Remote config scope=app plugin=remote-config",
  "remote_config_parameters_add remote_config C Remote config scope=app plugin=remote-config",
  "remote_config_parameters_delete remote_config D Remote config scope=app plugin=remote-config",
  "remote_config_parameters_update remote_config U Remote config scope=app plugin=remote-config",
  "remote_configs_list remote_config R Remote config scope=app plugin=remote-config",
  "retention retention R ops=CR Retention scope=app plugin=retention_segments",
  "sdk_config_get sdks R Settings scope=app plugin=sdks",
  "sdk_logs_list logger R Settings scope=app plugin=logger",
  "sdk_stats_get sdks R Settings scope=app plugin=sdks",
  "server_logs_contents server_logs R Settings scope=unscoped admin plugin=errorlogs",
  "server_logs_files_list server_logs R Settings scope=unscoped admin plugin=errorlogs",
  "session_durations analytics R Users scope=app",
  "session_frequency analytics R Users scope=app",
  "slipping_users analytics R Users scope=app",
  "times_of_day times_of_day R Users scope=app plugin=times-of-day",
  "user_loyalty analytics R Users scope=app",
  "user_profiles_breakdown user_profiles R Users scope=app plugin=users",
  "user_profiles_get user_profiles R Users scope=app plugin=users",
  "user_profiles_query user_profiles R Users scope=app plugin=users",
  "views_data views R Events scope=app plugin=views",
  "views_table views R Events scope=app plugin=views",
]
`;
